#1 [internal] load local bake definitions
#1 reading from stdin 964B 0.0s done
#1 DONE 0.0s

#2 [internal] load build definition from Dockerfile
#2 transferring dockerfile: 611B 0.0s done
#2 DONE 0.1s

#3 [internal] load metadata for docker.io/library/node:22-alpine
#3 DONE 5.8s

#4 [internal] load .dockerignore
#4 transferring context: 76B 0.0s done
#4 DONE 0.1s

#5 [internal] load build context
#5 DONE 0.0s

#6 [builder 1/6] FROM docker.io/library/node:22-alpine@sha256:c610fcdfb1d5b4740dd70c284ed3cb16bb857e0f7166196e36a5501df7a3aa32
#6 resolve docker.io/library/node:22-alpine@sha256:c610fcdfb1d5b4740dd70c284ed3cb16bb857e0f7166196e36a5501df7a3aa32 0.1s done
#6 DONE 0.2s

#5 [internal] load build context
#5 transferring context: 5.94kB 0.0s done
#5 DONE 0.1s

#7 [builder 2/6] WORKDIR /app
#7 CACHED

#8 [builder 3/6] COPY package.json package-lock.json* ./
#8 CACHED

#9 [builder 4/6] RUN npm ci || npm install
#9 CACHED

#10 [builder 5/6] COPY . .
#10 DONE 0.3s

#11 [builder 6/6] RUN npm run build
#11 3.123 
#11 3.123 > build
#11 3.123 > nuxt build
#11 3.123 
#11 4.334 ┌  Building Nuxt for production...
#11 9.382 │
#11 9.382 ●  Nuxt 3.21.11 (with Nitro 2.13.4, Vite 7.3.6 and Vue 3.5.41)
#11 11.67 [nuxt:tailwindcss] ℹ Using default Tailwind CSS file
#11 11.72 
#11 11.72 [@nuxtjs/i18n]  WARN  In project layer (/app/nuxt.config) - langDir is set to an absolute path (/app/locales) but should be set a path relative to srcDir (/app). Absolute paths will not work in production, see https://i18n.nuxtjs.org/options/lazy#langdir for more details.
#11 11.72 
#11 11.72 
#11 11.72 [@nuxtjs/i18n]  WARN  bundle.optimizeTranslationDirective is enabled by default, we recommend disabling this feature as it causes issues and will be deprecated in v10.
#11 11.72 Explicitly setting this option to true or false disables this warning, for more details see: https://github.com/nuxt-modules/i18n/issues/3238#issuecomment-2672492536
#11 11.72 
#11 16.63 │
#11 16.63 ●  Nitro preset: node-server
#11 23.86 ℹ Building client...
#11 23.95 ℹ vite v7.3.6 building client environment for production...
#11 24.23 ℹ transforming...
#11 36.87 ℹ ✓ 233 modules transformed.
#11 37.21 ℹ rendering chunks...
#11 37.53 ℹ computing gzip size...
#11 37.58 ℹ .nuxt/dist/client/manifest.json                   5.37 kB │ gzip:   0.72 kB
#11 37.58 ℹ .nuxt/dist/client/_nuxt/_slug.B2j0x817.css        0.32 kB │ gzip:   0.17 kB
#11 37.58 ℹ .nuxt/dist/client/_nuxt/default.Ade537gF.css      0.81 kB │ gzip:   0.23 kB
#11 37.58 ℹ .nuxt/dist/client/_nuxt/error-500.I1Dtv2V5.css    1.88 kB │ gzip:   0.72 kB
#11 37.58 ℹ .nuxt/dist/client/_nuxt/error-404.DL_4WIao.css    3.53 kB │ gzip:   1.09 kB
#11 37.58 ℹ .nuxt/dist/client/_nuxt/DRGKHAeC.js               0.96 kB │ gzip:   0.63 kB
#11 37.58 ℹ .nuxt/dist/client/_nuxt/BwGZmnej.js               1.28 kB │ gzip:   0.80 kB
#11 37.59 ℹ .nuxt/dist/client/_nuxt/SPgyygS8.js               1.44 kB │ gzip:   0.90 kB
#11 37.59 ℹ .nuxt/dist/client/_nuxt/Blx7TNv5.js               1.45 kB │ gzip:   0.58 kB
#11 37.59 ℹ .nuxt/dist/client/_nuxt/Bxvf7mT5.js               1.58 kB │ gzip:   0.96 kB
#11 37.59 ℹ .nuxt/dist/client/_nuxt/CNdeIKbl.js               3.25 kB │ gzip:   1.30 kB
#11 37.59 ℹ .nuxt/dist/client/_nuxt/CdEhNYQG.js               3.37 kB │ gzip:   1.52 kB
#11 37.59 ℹ .nuxt/dist/client/_nuxt/DjoYa49h.js               3.74 kB │ gzip:   1.70 kB
#11 37.60 ℹ .nuxt/dist/client/_nuxt/8z9Aqvlp.js               4.66 kB │ gzip:   2.05 kB
#11 37.60 ℹ .nuxt/dist/client/_nuxt/DgI-6kfo.js               4.77 kB │ gzip:   2.02 kB
#11 37.60 ℹ .nuxt/dist/client/_nuxt/DeqVg01I.js               5.70 kB │ gzip:   2.27 kB
#11 37.60 ℹ .nuxt/dist/client/_nuxt/BYKuD0lq.js               7.67 kB │ gzip:   2.82 kB
#11 37.60 ℹ .nuxt/dist/client/_nuxt/RBGRLDgw.js               8.16 kB │ gzip:   3.13 kB
#11 37.60 ℹ .nuxt/dist/client/_nuxt/DUcOhNEF.js              21.62 kB │ gzip:   6.21 kB
#11 37.60 ℹ .nuxt/dist/client/_nuxt/dKu6hD4b.js              28.11 kB │ gzip:   8.86 kB
#11 37.60 ℹ .nuxt/dist/client/_nuxt/hUoApWak.js             297.12 kB │ gzip: 104.39 kB
#11 37.60 ℹ ✓ built in 13.64s
#11 37.61 ✔ Client built in 13748ms
#11 37.62 ℹ Building server...
#11 37.64 ℹ vite v7.3.6 building ssr environment for production...
#11 37.83 ℹ transforming...
#11 44.56 ℹ ✓ 164 modules transformed.
#11 44.77 ℹ rendering chunks...
#11 46.18 ℹ ✓ built in 8.55s
#11 46.23 ✔ Server built in 8612ms
#11 46.53 [nitro] ✔ Generated public .output/public
#11 46.68 [nitro] ℹ Building Nuxt Nitro server (preset: node-server, compatibility date: 2025-01-01)
#11 65.27 [nitro] ✔ Nuxt Nitro server built
#11 65.65   ├─ .output/server/chunks/_/error-500.mjs (4.9 kB) (2.06 kB gzip)
#11 65.65   ├─ .output/server/chunks/_/error-500.mjs.map (182 B) (154 B gzip)
#11 65.65   ├─ .output/server/chunks/build/_slug-0xYm5DPB.mjs (2.53 kB) (1.15 kB gzip)
#11 65.65   ├─ .output/server/chunks/build/_slug-0xYm5DPB.mjs.map (1.36 kB) (510 B gzip)
#11 65.65   ├─ .output/server/chunks/build/_slug-DgqClTE7.mjs (32.2 kB) (6.04 kB gzip)
#11 65.65   ├─ .output/server/chunks/build/_slug-DgqClTE7.mjs.map (14.3 kB) (2.74 kB gzip)
#11 65.65   ├─ .output/server/chunks/build/_slug-styles.zUpm_ZOY.mjs (596 B) (302 B gzip)
#11 65.65   ├─ .output/server/chunks/build/_slug-styles.zUpm_ZOY.mjs.map (190 B) (155 B gzip)
#11 65.65   ├─ .output/server/chunks/build/about-DFsrhdf0.mjs (6.76 kB) (2.41 kB gzip)
#11 65.65   ├─ .output/server/chunks/build/about-DFsrhdf0.mjs.map (2.3 kB) (731 B gzip)
#11 65.65   ├─ .output/server/chunks/build/asyncData--bk2tctg.mjs (13.2 kB) (3.13 kB gzip)
#11 65.65   ├─ .output/server/chunks/build/asyncData--bk2tctg.mjs.map (183 B) (157 B gzip)
#11 65.65   ├─ .output/server/chunks/build/client.precomputed.mjs (8.96 kB) (1.14 kB gzip)
#11 65.65   ├─ .output/server/chunks/build/client.precomputed.mjs.map (9.36 kB) (606 B gzip)
#11 65.65   ├─ .output/server/chunks/build/contact-Do0nd4C4.mjs (3.98 kB) (1.45 kB gzip)
#11 65.65   ├─ .output/server/chunks/build/contact-Do0nd4C4.mjs.map (1.35 kB) (485 B gzip)
#11 65.65   ├─ .output/server/chunks/build/default-8R2Pz5vj.mjs (38.8 kB) (8.69 kB gzip)
#11 65.65   ├─ .output/server/chunks/build/default-8R2Pz5vj.mjs.map (13.2 kB) (2.68 kB gzip)
#11 65.65   ├─ .output/server/chunks/build/default-styles-1.mjs-BupkKHmB.mjs (417 B) (238 B gzip)
#11 65.65   ├─ .output/server/chunks/build/default-styles-1.mjs-BupkKHmB.mjs.map (98 B) (107 B gzip)
#11 65.65   ├─ .output/server/chunks/build/default-styles.UumciBgk.mjs (1.14 kB) (394 B gzip)
#11 65.65   ├─ .output/server/chunks/build/default-styles.UumciBgk.mjs.map (223 B) (170 B gzip)
#11 65.65   ├─ .output/server/chunks/build/entry-styles.luf1Z4KV.mjs (27.4 kB) (6.09 kB gzip)
#11 65.65   ├─ .output/server/chunks/build/entry-styles.luf1Z4KV.mjs.map (218 B) (168 B gzip)
#11 65.65   ├─ .output/server/chunks/build/error-404-e4Wc6NJn.mjs (5.65 kB) (2.25 kB gzip)
#11 65.65   ├─ .output/server/chunks/build/error-404-e4Wc6NJn.mjs.map (181 B) (99 B gzip)
#11 65.65   ├─ .output/server/chunks/build/error-404-styles.Pd4Strki.mjs (3.83 kB) (1.22 kB gzip)
#11 65.65   ├─ .output/server/chunks/build/error-404-styles.Pd4Strki.mjs.map (198 B) (156 B gzip)
#11 65.65   ├─ .output/server/chunks/build/error-500-DzaVpO_N.mjs (4.75 kB) (1.95 kB gzip)
#11 65.65   ├─ .output/server/chunks/build/error-500-DzaVpO_N.mjs.map (159 B) (99 B gzip)
#11 65.65   ├─ .output/server/chunks/build/error-500-styles.BMmh3bAG.mjs (2.18 kB) (862 B gzip)
#11 65.65   ├─ .output/server/chunks/build/error-500-styles.BMmh3bAG.mjs.map (198 B) (157 B gzip)
#11 65.65   ├─ .output/server/chunks/build/FloatingContact-styles.Difdge0V.mjs (375 B) (221 B gzip)
#11 65.65   ├─ .output/server/chunks/build/FloatingContact-styles.Difdge0V.mjs.map (210 B) (160 B gzip)
#11 65.65   ├─ .output/server/chunks/build/index-BFpWRBk8.mjs (3.62 kB) (1.51 kB gzip)
#11 65.65   ├─ .output/server/chunks/build/index-BFpWRBk8.mjs.map (1.82 kB) (694 B gzip)
#11 65.65   ├─ .output/server/chunks/build/index-Con5aWLt.mjs (4.4 kB) (1.71 kB gzip)
#11 65.65   ├─ .output/server/chunks/build/index-Con5aWLt.mjs.map (2.46 kB) (842 B gzip)
#11 65.65   ├─ .output/server/chunks/build/index-DqV3WNYh.mjs (13.3 kB) (3.39 kB gzip)
#11 65.65   ├─ .output/server/chunks/build/index-DqV3WNYh.mjs.map (7.07 kB) (1.61 kB gzip)
#11 65.65   ├─ .output/server/chunks/build/index-HRMIfq6w.mjs (9.31 kB) (2.78 kB gzip)
#11 65.65   ├─ .output/server/chunks/build/index-HRMIfq6w.mjs.map (5.06 kB) (1.31 kB gzip)
#11 65.65   ├─ .output/server/chunks/build/index-m_-f6oxB.mjs (3.04 kB) (1.35 kB gzip)
#11 65.65   ├─ .output/server/chunks/build/index-m_-f6oxB.mjs.map (1.47 kB) (561 B gzip)
#11 65.65   ├─ .output/server/chunks/build/nuxt-link-U8ZLOFBE.mjs (10.8 kB) (2.87 kB gzip)
#11 65.65   ├─ .output/server/chunks/build/nuxt-link-U8ZLOFBE.mjs.map (208 B) (179 B gzip)
#11 65.65   ├─ .output/server/chunks/build/server.mjs (264 kB) (55.9 kB gzip)
#11 65.65   ├─ .output/server/chunks/build/server.mjs.map (4.62 kB) (1.18 kB gzip)
#11 65.65   ├─ .output/server/chunks/build/styles.mjs (798 B) (341 B gzip)
#11 65.65   ├─ .output/server/chunks/build/styles.mjs.map (607 B) (244 B gzip)
#11 65.65   ├─ .output/server/chunks/build/useApi-5g0S_FDG.mjs (2.86 kB) (1.19 kB gzip)
#11 65.65   ├─ .output/server/chunks/build/useApi-5g0S_FDG.mjs.map (2.77 kB) (681 B gzip)
#11 65.65   ├─ .output/server/chunks/build/v3-DnDMBKvA.mjs (702 B) (372 B gzip)
#11 65.65   ├─ .output/server/chunks/build/v3-DnDMBKvA.mjs.map (179 B) (160 B gzip)
#11 65.65   ├─ .output/server/chunks/nitro/nitro.mjs (179 kB) (44.3 kB gzip)
#11 65.65   ├─ .output/server/chunks/nitro/nitro.mjs.map (3.19 kB) (800 B gzip)
#11 65.65   ├─ .output/server/chunks/routes/renderer.mjs (17.5 kB) (5.83 kB gzip)
#11 65.65   ├─ .output/server/chunks/routes/renderer.mjs.map (845 B) (272 B gzip)
#11 65.65   ├─ .output/server/chunks/virtual/_virtual_spa-template.mjs (94 B) (100 B gzip)
#11 65.65   ├─ .output/server/chunks/virtual/_virtual_spa-template.mjs.map (90 B) (98 B gzip)
#11 65.65   ├─ .output/server/index.mjs (353 B) (205 B gzip)
#11 65.65   └─ .output/server/package.json (758 B) (340 B gzip)
#11 65.65 Σ Total size: 2.39 MB (587 kB gzip)
#11 65.66 [nitro] ✔ You can preview this build using node .output/server/index.mjs
#11 65.67 │
#11 65.67 └  ✨ Build complete!
#11 DONE 69.2s

#7 [builder 2/6] WORKDIR /app
#7 CACHED

#12 [stage-1 3/3] COPY --from=builder /app/.output ./.output
#12 DONE 0.2s

#13 exporting to image
#13 exporting layers
#13 exporting layers 0.7s done
#13 exporting manifest sha256:9dfee5b15c427a40f42a0690155711c91fd5b3db1671d864a70b81d637466613 0.1s done
#13 exporting config sha256:53423cc4f5dc515507a3cf3e750cd1b86621716713bb3e1d1851eae43e2033cf 0.1s done
#13 exporting attestation manifest sha256:a6051d949a699cdaf3b2782c6f39d1ac124542d546d5f6164a94b17eca3deea2 0.1s done
#13 exporting manifest list sha256:4de0f527749119200ac44585c22e94a7dd6e8013c25c07b57dbcf1a3043d9b43
#13 exporting manifest list sha256:4de0f527749119200ac44585c22e94a7dd6e8013c25c07b57dbcf1a3043d9b43 0.1s done
#13 naming to docker.io/library/sportswear-platform-portal:latest 0.0s done
#13 unpacking to docker.io/library/sportswear-platform-portal:latest
#13 unpacking to docker.io/library/sportswear-platform-portal:latest 0.4s done
#13 DONE 1.6s

#14 resolving provenance for metadata file
#14 DONE 0.1s
