#1 [internal] load local bake definitions
#1 reading from stdin 1.40kB 0.0s done
#1 DONE 0.0s

#2 [portal internal] load build definition from Dockerfile
#2 transferring dockerfile: 611B 0.0s done
#2 DONE 0.1s

#3 [admin internal] load build definition from Dockerfile
#3 transferring dockerfile: 435B 0.0s done
#3 DONE 0.1s

#4 [portal internal] load metadata for docker.io/library/node:22-alpine
#4 ...

#5 [auth] library/node:pull token for registry-1.docker.io
#5 DONE 0.0s

#6 [admin internal] load metadata for docker.io/library/nginx:1.27-alpine
#6 ...

#7 [auth] library/nginx:pull token for registry-1.docker.io
#7 DONE 0.0s

#4 [admin internal] load metadata for docker.io/library/node:22-alpine
#4 ...

#6 [admin internal] load metadata for docker.io/library/nginx:1.27-alpine
#6 DONE 3.1s

#4 [admin internal] load metadata for docker.io/library/node:22-alpine
#4 DONE 4.2s

#8 [portal internal] load .dockerignore
#8 transferring context: 76B 0.0s done
#8 DONE 0.0s

#9 [admin internal] load .dockerignore
#9 transferring context: 67B 0.0s done
#9 DONE 0.1s

#10 [portal internal] load build context
#10 DONE 0.0s

#11 [admin builder 1/6] FROM docker.io/library/node:22-alpine@sha256:c610fcdfb1d5b4740dd70c284ed3cb16bb857e0f7166196e36a5501df7a3aa32
#11 resolve docker.io/library/node:22-alpine@sha256:c610fcdfb1d5b4740dd70c284ed3cb16bb857e0f7166196e36a5501df7a3aa32
#11 resolve docker.io/library/node:22-alpine@sha256:c610fcdfb1d5b4740dd70c284ed3cb16bb857e0f7166196e36a5501df7a3aa32 0.1s done
#11 resolve docker.io/library/node:22-alpine@sha256:c610fcdfb1d5b4740dd70c284ed3cb16bb857e0f7166196e36a5501df7a3aa32 0.1s done
#11 DONE 0.2s

#12 [admin stage-1 1/3] FROM docker.io/library/nginx:1.27-alpine@sha256:65645c7bb6a0661892a8b03b89d0743208a18dd2f3f17a54ef4b76fb8e2f2a10
#12 resolve docker.io/library/nginx:1.27-alpine@sha256:65645c7bb6a0661892a8b03b89d0743208a18dd2f3f17a54ef4b76fb8e2f2a10 0.1s done
#12 DONE 0.2s

#13 [admin internal] load build context
#13 transferring context: 561.25kB 0.2s done
#13 DONE 0.2s

#14 [portal builder 2/6] WORKDIR /app
#14 CACHED

#10 [portal internal] load build context
#10 transferring context: 6.33kB 0.0s done
#10 DONE 0.1s

#15 [portal builder 3/6] COPY package.json package-lock.json* ./
#15 CACHED

#16 [portal builder 4/6] RUN npm ci || npm install
#16 CACHED

#17 [admin builder 3/6] COPY package.json package-lock.json* ./
#17 DONE 0.2s

#18 [portal builder 5/6] COPY . .
#18 DONE 0.2s

#19 [portal builder 6/6] RUN npm run build
#19 1.225 
#19 1.225 > build
#19 1.225 > nuxt build
#19 1.225 
#19 1.569 ┌  Building Nuxt for production...
#19 5.161 │
#19 5.161 ●  Nuxt 3.21.11 (with Nitro 2.13.4, Vite 7.3.6 and Vue 3.5.41)
#19 7.273 [nuxt:tailwindcss] ℹ Using default Tailwind CSS file
#19 7.319 
#19 7.319 [@nuxtjs/i18n]  WARN  In project layer (/app/nuxt.config) - langDir is set to an absolute path (/app/locales) but should be set a path relative to srcDir (/app). Absolute paths will not work in production, see https://i18n.nuxtjs.org/options/lazy#langdir for more details.
#19 7.319 
#19 7.320 
#19 7.320 [@nuxtjs/i18n]  WARN  bundle.optimizeTranslationDirective is enabled by default, we recommend disabling this feature as it causes issues and will be deprecated in v10.
#19 7.320 Explicitly setting this option to true or false disables this warning, for more details see: https://github.com/nuxt-modules/i18n/issues/3238#issuecomment-2672492536
#19 7.320 
#19 ...

#20 [admin builder 4/6] RUN npm ci || npm install
#20 ...

#19 [portal builder 6/6] RUN npm run build
#19 12.50 │
#19 12.50 ●  Nitro preset: node-server
#19 19.58 ℹ Building client...
#19 19.67 ℹ vite v7.3.6 building client environment for production...
#19 20.11 ℹ transforming...
#19 42.65 ℹ ✓ 233 modules transformed.
#19 43.64 ℹ rendering chunks...
#19 44.24 ℹ computing gzip size...
#19 44.33 ℹ .nuxt/dist/client/manifest.json                   5.37 kB │ gzip:   0.72 kB
#19 44.33 ℹ .nuxt/dist/client/_nuxt/_slug.B2j0x817.css        0.32 kB │ gzip:   0.17 kB
#19 44.34 ℹ .nuxt/dist/client/_nuxt/default.Ade537gF.css      0.81 kB │ gzip:   0.23 kB
#19 44.34 ℹ .nuxt/dist/client/_nuxt/error-500.I1Dtv2V5.css    1.88 kB │ gzip:   0.72 kB
#19 44.34 ℹ .nuxt/dist/client/_nuxt/error-404.DL_4WIao.css    3.53 kB │ gzip:   1.09 kB
#19 44.34 ℹ .nuxt/dist/client/_nuxt/CilfGKR-.js               0.96 kB │ gzip:   0.63 kB
#19 44.34 ℹ .nuxt/dist/client/_nuxt/BYd0OmQm.js               1.28 kB │ gzip:   0.80 kB
#19 44.35 ℹ .nuxt/dist/client/_nuxt/CgaSmsN3.js               1.44 kB │ gzip:   0.90 kB
#19 44.35 ℹ .nuxt/dist/client/_nuxt/C3tH2LJt.js               1.45 kB │ gzip:   0.58 kB
#19 44.35 ℹ .nuxt/dist/client/_nuxt/C-4X4NQO.js               1.58 kB │ gzip:   0.96 kB
#19 44.35 ℹ .nuxt/dist/client/_nuxt/Df8nTmi2.js               3.25 kB │ gzip:   1.31 kB
#19 44.35 ℹ .nuxt/dist/client/_nuxt/qYH4MTvI.js               3.37 kB │ gzip:   1.52 kB
#19 44.35 ℹ .nuxt/dist/client/_nuxt/DeC9wVzg.js               3.74 kB │ gzip:   1.70 kB
#19 44.35 ℹ .nuxt/dist/client/_nuxt/U0fMxB86.js               4.66 kB │ gzip:   2.05 kB
#19 44.36 ℹ .nuxt/dist/client/_nuxt/BSvvJfdT.js               4.77 kB │ gzip:   2.02 kB
#19 44.36 ℹ .nuxt/dist/client/_nuxt/DnBU4wgP.js               5.70 kB │ gzip:   2.27 kB
#19 44.36 ℹ .nuxt/dist/client/_nuxt/CSitPFBm.js               7.67 kB │ gzip:   2.82 kB
#19 44.36 ℹ .nuxt/dist/client/_nuxt/B3GOyb_b.js               8.16 kB │ gzip:   3.13 kB
#19 44.36 ℹ .nuxt/dist/client/_nuxt/ydEQa9ye.js              21.62 kB │ gzip:   6.20 kB
#19 44.37 ℹ .nuxt/dist/client/_nuxt/O2ZBbeMV.js              28.11 kB │ gzip:   8.86 kB
#19 44.37 ℹ .nuxt/dist/client/_nuxt/BG-_XBcR.js             297.07 kB │ gzip: 104.38 kB
#19 44.37 ℹ ✓ built in 24.69s
#19 44.37 ✔ Client built in 24790ms
#19 44.39 ℹ Building server...
#19 44.42 ℹ vite v7.3.6 building ssr environment for production...
#19 44.94 ℹ transforming...
#19 55.78 ℹ ✓ 164 modules transformed.
#19 56.01 ℹ rendering chunks...
#19 56.67 ℹ ✓ built in 12.25s
#19 56.72 ✔ Server built in 12325ms
#19 57.10 [nitro] ✔ Generated public .output/public
#19 57.19 [nitro] ℹ Building Nuxt Nitro server (preset: node-server, compatibility date: 2025-01-01)
#19 76.31 [nitro] ✔ Nuxt Nitro server built
#19 76.67   ├─ .output/server/chunks/_/error-500.mjs (4.9 kB) (2.06 kB gzip)
#19 76.67   ├─ .output/server/chunks/_/error-500.mjs.map (182 B) (154 B gzip)
#19 76.67   ├─ .output/server/chunks/build/_slug-0xYm5DPB.mjs (2.53 kB) (1.15 kB gzip)
#19 76.67   ├─ .output/server/chunks/build/_slug-0xYm5DPB.mjs.map (1.36 kB) (510 B gzip)
#19 76.67   ├─ .output/server/chunks/build/_slug-DgqClTE7.mjs (32.2 kB) (6.04 kB gzip)
#19 76.67   ├─ .output/server/chunks/build/_slug-DgqClTE7.mjs.map (14.3 kB) (2.74 kB gzip)
#19 76.67   ├─ .output/server/chunks/build/_slug-styles.zUpm_ZOY.mjs (596 B) (302 B gzip)
#19 76.67   ├─ .output/server/chunks/build/_slug-styles.zUpm_ZOY.mjs.map (190 B) (155 B gzip)
#19 76.67   ├─ .output/server/chunks/build/about-DFsrhdf0.mjs (6.76 kB) (2.41 kB gzip)
#19 76.67   ├─ .output/server/chunks/build/about-DFsrhdf0.mjs.map (2.3 kB) (731 B gzip)
#19 76.67   ├─ .output/server/chunks/build/asyncData--bk2tctg.mjs (13.2 kB) (3.13 kB gzip)
#19 76.67   ├─ .output/server/chunks/build/asyncData--bk2tctg.mjs.map (183 B) (157 B gzip)
#19 76.67   ├─ .output/server/chunks/build/client.precomputed.mjs (8.96 kB) (1.14 kB gzip)
#19 76.67   ├─ .output/server/chunks/build/client.precomputed.mjs.map (9.36 kB) (606 B gzip)
#19 76.67   ├─ .output/server/chunks/build/contact-Do0nd4C4.mjs (3.98 kB) (1.45 kB gzip)
#19 76.67   ├─ .output/server/chunks/build/contact-Do0nd4C4.mjs.map (1.35 kB) (485 B gzip)
#19 76.67   ├─ .output/server/chunks/build/default-8R2Pz5vj.mjs (38.8 kB) (8.69 kB gzip)
#19 76.67   ├─ .output/server/chunks/build/default-8R2Pz5vj.mjs.map (13.2 kB) (2.68 kB gzip)
#19 76.67   ├─ .output/server/chunks/build/default-styles-1.mjs-BupkKHmB.mjs (417 B) (238 B gzip)
#19 76.67   ├─ .output/server/chunks/build/default-styles-1.mjs-BupkKHmB.mjs.map (98 B) (107 B gzip)
#19 76.67   ├─ .output/server/chunks/build/default-styles.UumciBgk.mjs (1.14 kB) (394 B gzip)
#19 76.67   ├─ .output/server/chunks/build/default-styles.UumciBgk.mjs.map (223 B) (170 B gzip)
#19 76.67   ├─ .output/server/chunks/build/entry-styles.luf1Z4KV.mjs (27.4 kB) (6.09 kB gzip)
#19 76.67   ├─ .output/server/chunks/build/entry-styles.luf1Z4KV.mjs.map (218 B) (168 B gzip)
#19 76.67   ├─ .output/server/chunks/build/error-404-e4Wc6NJn.mjs (5.65 kB) (2.25 kB gzip)
#19 76.67   ├─ .output/server/chunks/build/error-404-e4Wc6NJn.mjs.map (181 B) (99 B gzip)
#19 76.67   ├─ .output/server/chunks/build/error-404-styles.Pd4Strki.mjs (3.83 kB) (1.22 kB gzip)
#19 76.67   ├─ .output/server/chunks/build/error-404-styles.Pd4Strki.mjs.map (198 B) (156 B gzip)
#19 76.67   ├─ .output/server/chunks/build/error-500-DzaVpO_N.mjs (4.75 kB) (1.95 kB gzip)
#19 76.67   ├─ .output/server/chunks/build/error-500-DzaVpO_N.mjs.map (159 B) (99 B gzip)
#19 76.67   ├─ .output/server/chunks/build/error-500-styles.BMmh3bAG.mjs (2.18 kB) (862 B gzip)
#19 76.67   ├─ .output/server/chunks/build/error-500-styles.BMmh3bAG.mjs.map (198 B) (157 B gzip)
#19 76.67   ├─ .output/server/chunks/build/FloatingContact-styles.Difdge0V.mjs (375 B) (221 B gzip)
#19 76.67   ├─ .output/server/chunks/build/FloatingContact-styles.Difdge0V.mjs.map (210 B) (160 B gzip)
#19 76.67   ├─ .output/server/chunks/build/index-BFpWRBk8.mjs (3.62 kB) (1.51 kB gzip)
#19 76.67   ├─ .output/server/chunks/build/index-BFpWRBk8.mjs.map (1.82 kB) (694 B gzip)
#19 76.67   ├─ .output/server/chunks/build/index-Con5aWLt.mjs (4.4 kB) (1.71 kB gzip)
#19 76.67   ├─ .output/server/chunks/build/index-Con5aWLt.mjs.map (2.46 kB) (842 B gzip)
#19 76.67   ├─ .output/server/chunks/build/index-DqV3WNYh.mjs (13.3 kB) (3.39 kB gzip)
#19 76.67   ├─ .output/server/chunks/build/index-DqV3WNYh.mjs.map (7.07 kB) (1.61 kB gzip)
#19 76.67   ├─ .output/server/chunks/build/index-HRMIfq6w.mjs (9.31 kB) (2.78 kB gzip)
#19 76.67   ├─ .output/server/chunks/build/index-HRMIfq6w.mjs.map (5.06 kB) (1.31 kB gzip)
#19 76.67   ├─ .output/server/chunks/build/index-m_-f6oxB.mjs (3.04 kB) (1.35 kB gzip)
#19 76.67   ├─ .output/server/chunks/build/index-m_-f6oxB.mjs.map (1.47 kB) (561 B gzip)
#19 76.67   ├─ .output/server/chunks/build/nuxt-link-U8ZLOFBE.mjs (10.8 kB) (2.87 kB gzip)
#19 76.67   ├─ .output/server/chunks/build/nuxt-link-U8ZLOFBE.mjs.map (208 B) (179 B gzip)
#19 76.67   ├─ .output/server/chunks/build/server.mjs (264 kB) (55.8 kB gzip)
#19 76.67   ├─ .output/server/chunks/build/server.mjs.map (4.62 kB) (1.18 kB gzip)
#19 76.67   ├─ .output/server/chunks/build/styles.mjs (798 B) (341 B gzip)
#19 76.67   ├─ .output/server/chunks/build/styles.mjs.map (607 B) (244 B gzip)
#19 76.67   ├─ .output/server/chunks/build/useApi-5g0S_FDG.mjs (2.86 kB) (1.19 kB gzip)
#19 76.67   ├─ .output/server/chunks/build/useApi-5g0S_FDG.mjs.map (2.77 kB) (681 B gzip)
#19 76.67   ├─ .output/server/chunks/build/v3-DnDMBKvA.mjs (702 B) (372 B gzip)
#19 76.67   ├─ .output/server/chunks/build/v3-DnDMBKvA.mjs.map (179 B) (160 B gzip)
#19 76.67   ├─ .output/server/chunks/nitro/nitro.mjs (179 kB) (44.3 kB gzip)
#19 76.67   ├─ .output/server/chunks/nitro/nitro.mjs.map (3.19 kB) (800 B gzip)
#19 76.67   ├─ .output/server/chunks/routes/api/_...path_.mjs (592 B) (335 B gzip)
#19 76.67   ├─ .output/server/chunks/routes/api/_...path_.mjs.map (369 B) (199 B gzip)
#19 76.67   ├─ .output/server/chunks/routes/renderer.mjs (17.5 kB) (5.83 kB gzip)
#19 76.67   ├─ .output/server/chunks/routes/renderer.mjs.map (845 B) (272 B gzip)
#19 76.67   ├─ .output/server/chunks/virtual/_virtual_spa-template.mjs (94 B) (100 B gzip)
#19 76.67   ├─ .output/server/chunks/virtual/_virtual_spa-template.mjs.map (90 B) (98 B gzip)
#19 76.67   ├─ .output/server/index.mjs (353 B) (205 B gzip)
#19 76.67   └─ .output/server/package.json (758 B) (340 B gzip)
#19 76.67 Σ Total size: 2.4 MB (588 kB gzip)
#19 76.67 [nitro] ✔ You can preview this build using node .output/server/index.mjs
#19 76.68 │
#19 76.68 └  ✨ Build complete!
#19 DONE 79.5s

#20 [admin builder 4/6] RUN npm ci || npm install
#20 ...

#21 [portal stage-1 3/3] COPY --from=builder /app/.output ./.output
#21 DONE 0.2s

#20 [admin builder 4/6] RUN npm ci || npm install
#20 ...

#22 [portal] exporting to image
#22 exporting layers
#22 exporting layers 0.8s done
#22 exporting manifest sha256:cd5b4930f1e66865b79496e45ba02961b5e5ec6273c9ff7519adec3590c29047 0.1s done
#22 exporting config sha256:84c0276f08a3d2ef45e87a3bff111a1ff87b22244e0fd92f4eadbafcb17d7a6e 0.1s done
#22 exporting attestation manifest sha256:0c95e0edb420f17d5ee35e4afcb8b759cd9d6354e32a935ce31b9781187370fa
#22 exporting attestation manifest sha256:0c95e0edb420f17d5ee35e4afcb8b759cd9d6354e32a935ce31b9781187370fa 0.1s done
#22 exporting manifest list sha256:1edc298ef1b37a0adc263a348e431556c60cbc2eefbdc12c6724ae3207a15e62 0.1s done
#22 naming to docker.io/library/sportswear-platform-portal:latest
#22 naming to docker.io/library/sportswear-platform-portal:latest 0.0s done
#22 unpacking to docker.io/library/sportswear-platform-portal:latest
#22 unpacking to docker.io/library/sportswear-platform-portal:latest 0.6s done
#22 DONE 2.1s

#20 [admin builder 4/6] RUN npm ci || npm install
#20 ...

#23 [portal] resolving provenance for metadata file
#23 DONE 0.1s

#20 [admin builder 4/6] RUN npm ci || npm install
#20 200.8 npm error code ECONNRESET
#20 200.8 npm error network aborted
#20 200.8 npm error network This is a problem related to network connectivity.
#20 200.8 npm error network In most cases you are behind a proxy or have bad network settings.
#20 200.8 npm error network
#20 200.8 npm error network If you are behind a proxy, please make sure that the
#20 200.8 npm error network 'proxy' config is set properly.  See: 'npm help config'
#20 200.8 npm notice
#20 200.8 npm notice New major version of npm available! 10.9.8 -> 12.0.2
#20 200.8 npm notice Changelog: https://github.com/npm/cli/releases/tag/v12.0.2
#20 200.8 npm notice To update run: npm install -g npm@12.0.2
#20 200.8 npm notice
#20 200.8 npm error A complete log of this run can be found in: /root/.npm/_logs/2026-08-28T14_02_45_506Z-debug-0.log
#20 261.5 
#20 261.5 added 319 packages, and audited 320 packages in 1m
#20 261.5 
#20 261.5 85 packages are looking for funding
#20 261.5   run `npm fund` for details
#20 261.5 
#20 261.5 1 moderate severity vulnerability
#20 261.5 
#20 261.5 To address all issues (including breaking changes), run:
#20 261.5   npm audit fix --force
#20 261.5 
#20 261.5 Run `npm audit` for details.
#20 DONE 261.8s

#24 [admin builder 5/6] COPY . .
#24 DONE 0.4s

#25 [admin builder 6/6] RUN npm run build
#25 0.643 
#25 0.643 > sportswear-admin@1.0.0 build
#25 0.643 > vue-tsc -b && vite build
#25 0.643 
#25 16.35 vite v6.4.3 building for production...
#25 16.55 transforming...
#25 34.45 ✓ 2412 modules transformed.
#25 35.44 rendering chunks...
#25 36.06 computing gzip size...
#25 36.15 dist/index.html                                      1.14 kB │ gzip:   0.73 kB
#25 36.15 dist/assets/storage-sources-C2J0jfoG.css             0.09 kB │ gzip:   0.10 kB
#25 36.15 dist/assets/notifications-hfGSpKFL.css               0.16 kB │ gzip:   0.14 kB
#25 36.15 dist/assets/operation-logs-CKRmKEk0.css              0.16 kB │ gzip:   0.14 kB
#25 36.15 dist/assets/users-BbH3sxrE.css                       0.19 kB │ gzip:   0.15 kB
#25 36.15 dist/assets/pages-CruJWJBD.css                       0.19 kB │ gzip:   0.15 kB
#25 36.15 dist/assets/cases-BSOOljZB.css                       0.19 kB │ gzip:   0.15 kB
#25 36.15 dist/assets/faqs-BzXpuKe6.css                        0.19 kB │ gzip:   0.15 kB
#25 36.15 dist/assets/factories-BU6KXZNN.css                   0.19 kB │ gzip:   0.15 kB
#25 36.15 dist/assets/certifications-BuaMAhmj.css              0.19 kB │ gzip:   0.15 kB
#25 36.15 dist/assets/production-processes-BXBLC3lK.css        0.19 kB │ gzip:   0.15 kB
#25 36.15 dist/assets/index-DQmqkFAr.css                       0.19 kB │ gzip:   0.15 kB
#25 36.15 dist/assets/i18n-CCCtTzty.css                        0.19 kB │ gzip:   0.15 kB
#25 36.15 dist/assets/trash-CAIsglJ2.css                       0.19 kB │ gzip:   0.15 kB
#25 36.15 dist/assets/quotes-Cb9zJmy4.css                      0.19 kB │ gzip:   0.15 kB
#25 36.15 dist/assets/index-CU_PhT0C.css                       0.25 kB │ gzip:   0.16 kB
#25 36.15 dist/assets/blogs-C4Y9JuTO.css                       0.43 kB │ gzip:   0.23 kB
#25 36.15 dist/assets/Login-BorfLXMv.css                       0.49 kB │ gzip:   0.29 kB
#25 36.15 dist/assets/index-CMh-sFXt.css                       0.64 kB │ gzip:   0.31 kB
#25 36.15 dist/assets/el-divider-B0pQhKGi.css                  0.71 kB │ gzip:   0.31 kB
#25 36.15 dist/assets/el-card-BAyktVMS.css                     0.92 kB │ gzip:   0.32 kB
#25 36.15 dist/assets/el-empty-S7fQQ3B8.css                    1.16 kB │ gzip:   0.46 kB
#25 36.15 dist/assets/el-badge-CX4PkJZD.css                    1.27 kB │ gzip:   0.47 kB
#25 36.15 dist/assets/el-image-BSvs7o-E.css                    2.76 kB │ gzip:   0.80 kB
#25 36.15 dist/assets/el-dialog-BIfDN5q_.css                   3.77 kB │ gzip:   1.02 kB
#25 36.15 dist/assets/index-D2K1_sSH.css                       3.80 kB │ gzip:   0.73 kB
#25 36.15 dist/assets/el-popper-C8-vPSoj.css                   3.81 kB │ gzip:   0.89 kB
#25 36.15 dist/assets/el-switch-DpR9-s4E.css                   3.91 kB │ gzip:   0.95 kB
#25 36.15 dist/assets/el-input-number-DExoAqKP.css             4.35 kB │ gzip:   0.90 kB
#25 36.15 dist/assets/el-form-item-exjLSfBI.css                5.80 kB │ gzip:   0.99 kB
#25 36.15 dist/assets/roles-Xl241VMR.css                       6.01 kB │ gzip:   1.38 kB
#25 36.15 dist/assets/el-tag-1VV9QMa7.css                      6.02 kB │ gzip:   0.95 kB
#25 36.15 dist/assets/el-pagination-CDeFZDGO.css               7.03 kB │ gzip:   1.19 kB
#25 36.15 dist/assets/theme-DRNdOQmm.css                       7.38 kB │ gzip:   1.57 kB
#25 36.15 dist/assets/el-select-caR2Yem-.css                   9.82 kB │ gzip:   1.95 kB
#25 36.15 dist/assets/el-dropdown-item-BeIfAqTO.css           10.10 kB │ gzip:   1.40 kB
#25 36.15 dist/assets/el-input-cxzC7A-A.css                   11.18 kB │ gzip:   1.87 kB
#25 36.15 dist/assets/MainLayout-CilNVY28.css                 13.22 kB │ gzip:   2.44 kB
#25 36.15 dist/assets/el-upload-DfG5YBrW.css                  14.56 kB │ gzip:   2.55 kB
#25 36.15 dist/assets/index-BUrEokgh.css                      16.46 kB │ gzip:   3.42 kB
#25 36.15 dist/assets/preview-BYCwsxod.css                    19.81 kB │ gzip:   3.68 kB
#25 36.15 dist/assets/el-button-DITZ5HsB.css                  19.93 kB │ gzip:   2.15 kB
#25 36.15 dist/assets/index-DGCg7b2U.css                      25.08 kB │ gzip:   4.06 kB
#25 36.15 dist/assets/el-table-column-B0Tg9DS_.css            27.69 kB │ gzip:   4.15 kB
#25 36.15 dist/assets/el-col-BWEC13sA.css                     36.49 kB │ gzip:   3.51 kB
#25 36.15 dist/assets/el-tooltip-l0sNRNKZ.js                   0.00 kB │ gzip:   0.02 kB
#25 36.15 dist/assets/refs-D6FW0B1r.js                         0.06 kB │ gzip:   0.08 kB
#25 36.15 dist/assets/validator-u1l98WR9.js                    0.09 kB │ gzip:   0.10 kB
#25 36.15 dist/assets/_plugin-vue_export-helper-DlAUqK2U.js    0.09 kB │ gzip:   0.10 kB
#25 36.15 dist/assets/cloneDeep-DkzTloAO.js                    0.10 kB │ gzip:   0.12 kB
#25 36.15 dist/assets/position-Dm3u-Xlu.js                     0.25 kB │ gzip:   0.16 kB
#25 36.15 dist/assets/index-_Qhq0E2W.js                        0.57 kB │ gzip:   0.41 kB
#25 36.15 dist/assets/vnode-BRuHT8qv.js                        0.69 kB │ gzip:   0.43 kB
#25 36.15 dist/assets/el-divider-Cgn3aNbO.js                   0.81 kB │ gzip:   0.49 kB
#25 36.15 dist/assets/cms-Dm2CMY0E.js                          0.94 kB │ gzip:   0.27 kB
#25 36.15 dist/assets/index-V_8uv1Ps.js                        0.98 kB │ gzip:   0.54 kB
#25 36.15 dist/assets/el-tag-Di_7fouN.js                       1.18 kB │ gzip:   0.61 kB
#25 36.15 dist/assets/el-card-C1VHo6GK.js                      1.26 kB │ gzip:   0.58 kB
#25 36.15 dist/assets/scroll-S8mvK4H1.js                       1.58 kB │ gzip:   0.81 kB
#25 36.15 dist/assets/index-qrP6wEZ5.js                        1.64 kB │ gzip:   0.57 kB
#25 36.15 dist/assets/Login-BJs-5ETO.js                        2.08 kB │ gzip:   1.12 kB
#25 36.15 dist/assets/el-col-CUC7_3eu.js                       2.08 kB │ gzip:   0.90 kB
#25 36.15 dist/assets/index-BED1AMP4.js                        2.38 kB │ gzip:   1.03 kB
#25 36.15 dist/assets/notifications-COwmSw6L.js                2.67 kB │ gzip:   1.39 kB
#25 36.15 dist/assets/operation-logs-DS4vzXty.js               2.92 kB │ gzip:   1.49 kB
#25 36.15 dist/assets/index-DgFDnYrf.js                        3.05 kB │ gzip:   1.43 kB
#25 36.15 dist/assets/trash-VZtbUjKW.js                        3.80 kB │ gzip:   1.86 kB
#25 36.15 dist/assets/index-CT9xb9B1.js                        4.24 kB │ gzip:   2.09 kB
#25 36.15 dist/assets/el-empty-D-AFXljn.js                     4.49 kB │ gzip:   1.62 kB
#25 36.15 dist/assets/i18n-De4DFZ6M.js                         4.58 kB │ gzip:   1.88 kB
#25 36.15 dist/assets/_baseClone-BAPLqeI_.js                   4.72 kB │ gzip:   1.92 kB
#25 36.15 dist/assets/users-Twci5tmG.js                        4.79 kB │ gzip:   2.08 kB
#25 36.15 dist/assets/certifications-b7Qnx3m8.js               5.11 kB │ gzip:   2.13 kB
#25 36.15 dist/assets/el-switch-BtmYxo5u.js                    5.12 kB │ gzip:   1.78 kB
#25 36.15 dist/assets/production-processes-DZFudYUL.js         5.12 kB │ gzip:   2.16 kB
#25 36.15 dist/assets/storage-sources-B6JAPZ07.js              5.23 kB │ gzip:   2.01 kB
#25 36.15 dist/assets/cases-BCztkLr8.js                        5.35 kB │ gzip:   2.40 kB
#25 36.15 dist/assets/factories-DnfIZ5sJ.js                    5.37 kB │ gzip:   2.21 kB
#25 36.15 dist/assets/quotes-BIoPlwGo.js                       5.75 kB │ gzip:   2.28 kB
#25 36.15 dist/assets/pages-CFA7A7aB.js                        5.94 kB │ gzip:   2.39 kB
#25 36.15 dist/assets/faqs-CTYg6YnE.js                         6.43 kB │ gzip:   2.60 kB
#25 36.15 dist/assets/blogs-DpuW0uON.js                        7.40 kB │ gzip:   3.08 kB
#25 36.15 dist/assets/el-input-number-Cu47XSBD.js              7.86 kB │ gzip:   3.19 kB
#25 36.15 dist/assets/el-dialog-nfaPNgBp.js                    9.17 kB │ gzip:   3.57 kB
#25 36.15 dist/assets/index-Uv_ned0w.js                        9.99 kB │ gzip:   4.04 kB
#25 36.15 dist/assets/el-image-B-cPTUu-.js                    11.51 kB │ gzip:   4.39 kB
#25 36.15 dist/assets/index-CRAba0cJ.js                       11.67 kB │ gzip:   4.33 kB
#25 36.15 dist/assets/el-pagination-DY39CrKS.js               11.89 kB │ gzip:   4.09 kB
#25 36.15 dist/assets/el-dropdown-item-md5s6xo0.js            15.11 kB │ gzip:   5.37 kB
#25 36.15 dist/assets/el-upload-D3bPHgyU.js                   18.14 kB │ gzip:   6.45 kB
#25 36.15 dist/assets/MainLayout-C-jMbNuI.js                  24.29 kB │ gzip:   8.64 kB
#25 36.15 dist/assets/theme-4sQ9swCT.js                       24.89 kB │ gzip:   8.61 kB
#25 36.15 dist/assets/el-form-item-Wv3I4god.js                27.67 kB │ gzip:   9.66 kB
#25 36.15 dist/assets/preview-DpfpBkF9.js                     31.94 kB │ gzip:  10.06 kB
#25 36.15 dist/assets/el-select-CpKPYoxS.js                   33.48 kB │ gzip:  11.31 kB
#25 36.15 dist/assets/roles-vewnqf0K.js                       33.76 kB │ gzip:  11.41 kB
#25 36.15 dist/assets/el-button-CfGkPU_p.js                   39.49 kB │ gzip:  14.15 kB
#25 36.15 dist/assets/axios-CzApALvg.js                       48.54 kB │ gzip:  18.63 kB
#25 36.15 dist/assets/index-CaWYGrQQ.js                       52.25 kB │ gzip:  15.51 kB
#25 36.15 dist/assets/el-popper-iPrelt_Z.js                   53.67 kB │ gzip:  19.02 kB
#25 36.15 dist/assets/el-table-column-D7rLyqhs.js             96.32 kB │ gzip:  33.27 kB
#25 36.15 dist/assets/index-D_qpQOcO.js                       98.43 kB │ gzip:  35.22 kB
#25 36.15 dist/assets/vue-vendor-8_rB0jfv.js                 109.56 kB │ gzip:  42.79 kB
#25 36.15 dist/assets/index-DsDZorlo.js                      506.18 kB │ gzip: 170.93 kB
#25 36.16 
#25 36.16 (!) Some chunks are larger than 500 kB after minification. Consider:
#25 36.16 - Using dynamic import() to code-split the application
#25 36.16 - Use build.rollupOptions.output.manualChunks to improve chunking: https://rollupjs.org/configuration-options/#output-manualchunks
#25 36.16 - Adjust chunk size limit for this warning via build.chunkSizeWarningLimit.
#25 36.16 ✓ built in 19.76s
#25 DONE 36.5s

#12 [admin stage-1 1/3] FROM docker.io/library/nginx:1.27-alpine@sha256:65645c7bb6a0661892a8b03b89d0743208a18dd2f3f17a54ef4b76fb8e2f2a10
#12 CACHED

#26 [admin stage-1 2/3] COPY --from=builder /app/dist /usr/share/nginx/html
#26 DONE 0.1s

#27 [admin stage-1 3/3] COPY nginx.conf /etc/nginx/conf.d/default.conf
#27 DONE 0.1s

#28 [admin] exporting to image
#28 exporting layers
#28 exporting layers 0.5s done
#28 exporting manifest sha256:39547579fff6d8e858458faebea06cad736a2d60f1aa36606a11538fcbe44320 0.0s done
#28 exporting config sha256:e48f946ef933fc49c8bf6e98cbe29540c59225bd5e0cb02451442651f75ae18a 0.1s done
#28 exporting attestation manifest sha256:5eb9c56dfa4c8757095e30cbbccf90582afe97ca8ba991b540b91a75e8074506
#28 exporting attestation manifest sha256:5eb9c56dfa4c8757095e30cbbccf90582afe97ca8ba991b540b91a75e8074506 0.0s done
#28 exporting manifest list sha256:5bb2f33019d69ad238f2f6e315d0e23f818bbe867aa0334aac12de631e38647a 0.0s done
#28 naming to docker.io/library/sportswear-platform-admin:latest done
#28 unpacking to docker.io/library/sportswear-platform-admin:latest 0.1s done
#28 DONE 0.9s

#29 [admin] resolving provenance for metadata file
#29 DONE 0.1s
